STATUS.C=CARRY
STATUS.DC=DC
STATUS.Z=ZERO
STATUS.NOT_PD=nPD
STATUS.NOT_TO=nTO
BSR.BSR0=BSR
BSR.BSR1=BSR1
BSR.BSR2=BSR2
BSR.BSR3=BSR3
BSR.BSR4=BSR4
INTCON.IOCIF=IOCIF
INTCON.INTF=INTF
INTCON.TMR0IF=TMR0IF
INTCON.IOCIE=IOCIE
INTCON.INTE=INTE
INTCON.TMR0IE=TMR0IE
INTCON.PEIE=PEIE
INTCON.GIE=GIE
INTCON.T0IF=T0IF
INTCON.T0IE=T0IE
PORTA.RA0=RA0
PORTA.RA1=RA1
PORTA.RA2=RA2
PORTA.RA3=RA3
PORTA.RA4=RA4
PORTA.RA5=RA5
PORTA.RA6=RA6
PORTA.RA7=RA7
PORTB.RB0=RB0
PORTB.RB1=RB1
PORTB.RB2=RB2
PORTB.RB3=RB3
PORTB.RB4=RB4
PORTB.RB5=RB5
PORTB.RB6=RB6
PORTB.RB7=RB7
PORTC.RC0=RC0
PORTC.RC1=RC1
PORTC.RC2=RC2
PORTC.RC3=RC3
PORTC.RC4=RC4
PORTC.RC5=RC5
PORTC.RC6=RC6
PORTC.RC7=RC7
PORTD.RD0=RD0
PORTD.RD1=RD1
PORTD.RD2=RD2
PORTD.RD3=RD3
PORTD.RD4=RD4
PORTD.RD5=RD5
PORTD.RD6=RD6
PORTD.RD7=RD7
PORTE.RE0=RE0
PORTE.RE1=RE1
PORTE.RE2=RE2
PORTE.RE3=RE3
PIR1.TMR1IF=TMR1IF
PIR1.TMR2IF=TMR2IF
PIR1.CCP1IF=CCP1IF
PIR1.SSPIF=SSPIF
PIR1.TXIF=TXIF
PIR1.RCIF=RCIF
PIR1.ADIF=ADIF
PIR1.TMR1GIF=TMR1GIF
PIR2.CCP2IF=CCP2IF
PIR2.LCDIF=LCDIF
PIR2.BCLIF=BCLIF
PIR2.EEIF=EEIF
PIR2.C1IF=C1IF
PIR2.C2IF=C2IF
PIR2.OSFIF=OSFIF
PIR3.TMR4IF=TMR4IF
PIR3.TMR6IF=TMR6IF
PIR3.CCP3IF=CCP3IF
PIR3.CCP4IF=CCP4IF
PIR3.CCP5IF=CCP5IF
T1CON.TMR1ON=TMR1ON
T1CON.NOT_T1SYNC=nT1SYNC
T1CON.T1OSCEN=T1OSCEN
T1CON.T1CKPS0=T1CKPS
T1CON.TMR1CS0=TMR1CS0
T1CON.T1CKPS1=T1CKPS1
T1CON.TMR1CS1=TMR1CS1
T1GCON.T1GSS0=T1GSS
T1GCON.T1GVAL=T1GVAL
T1GCON.T1GGO_NOT_DONE=T1GGO_nDONE
T1GCON.T1GSPM=T1GSPM
T1GCON.T1GTM=T1GTM
T1GCON.T1GPOL=T1GPOL
T1GCON.TMR1GE=TMR1GE
T1GCON.T1GSS1=T1GSS1
T1GCON.T1GGO=T1GGO
T2CON.T2CKPS0=T2CKPS0
T2CON.TMR2ON=TMR2ON
T2CON.T2OUTPS0=T2OUTPS0
T2CON.T2CKPS1=T2CKPS1
T2CON.T2OUTPS1=T2OUTPS1
T2CON.T2OUTPS2=T2OUTPS2
T2CON.T2OUTPS3=T2OUTPS3
CPSCON0.T0XCS=T0XCS
CPSCON0.CPSOUT=CPSOUT
CPSCON0.CPSRNG0=CPSRNG
CPSCON0.CPSRM=CPSRM
CPSCON0.CPSON=CPSON
CPSCON0.CPSRNG1=CPSRNG1
CPSCON1.CPSCH0=CPSCH
CPSCON1.CPSCH1=CPSCH1
CPSCON1.CPSCH2=CPSCH2
CPSCON1.CPSCH3=CPSCH3
TRISA.TRISA0=TRISA0
TRISA.TRISA1=TRISA1
TRISA.TRISA2=TRISA2
TRISA.TRISA3=TRISA3
TRISA.TRISA4=TRISA4
TRISA.TRISA5=TRISA5
TRISA.TRISA6=TRISA6
TRISA.TRISA7=TRISA7
TRISB.TRISB0=TRISB0
TRISB.TRISB1=TRISB1
TRISB.TRISB2=TRISB2
TRISB.TRISB3=TRISB3
TRISB.TRISB4=TRISB4
TRISB.TRISB5=TRISB5
TRISB.TRISB6=TRISB6
TRISB.TRISB7=TRISB7
TRISC.TRISC0=TRISC0
TRISC.TRISC1=TRISC1
TRISC.TRISC2=TRISC2
TRISC.TRISC3=TRISC3
TRISC.TRISC4=TRISC4
TRISC.TRISC5=TRISC5
TRISC.TRISC6=TRISC6
TRISC.TRISC7=TRISC7
TRISD.TRISD0=TRISD0
TRISD.TRISD1=TRISD1
TRISD.TRISD2=TRISD2
TRISD.TRISD3=TRISD3
TRISD.TRISD4=TRISD4
TRISD.TRISD5=TRISD5
TRISD.TRISD6=TRISD6
TRISD.TRISD7=TRISD7
TRISE.TRISE0=TRISE0
TRISE.TRISE1=TRISE1
TRISE.TRISE2=TRISE2
TRISE.TRISE3=TRISE3
PIE1.TMR1IE=TMR1IE
PIE1.TMR2IE=TMR2IE
PIE1.CCP1IE=CCP1IE
PIE1.SSPIE=SSPIE
PIE1.TXIE=TXIE
PIE1.RCIE=RCIE
PIE1.ADIE=ADIE
PIE1.TMR1GIE=TMR1GIE
PIE2.CCP2IE=CCP2IE
PIE2.LCDIE=LCDIE
PIE2.BCLIE=BCLIE
PIE2.EEIE=EEIE
PIE2.C1IE=C1IE
PIE2.C2IE=C2IE
PIE2.OSFIE=OSFIE
PIE3.TMR4IE=TMR4IE
PIE3.TMR6IE=TMR6IE
PIE3.CCP3IE=CCP3IE
PIE3.CCP4IE=CCP4IE
PIE3.CCP5IE=CCP5IE
OPTION_REG.PS0=PS0
OPTION_REG.PS1=PS1
OPTION_REG.PS2=PS2
OPTION_REG.PSA=PSA
OPTION_REG.TMR0SE=TMR0SE
OPTION_REG.TMR0CS=TMR0CS
OPTION_REG.INTEDG=INTEDG
OPTION_REG.NOT_WPUEN=nWPUEN
OPTION_REG.T0SE=T0SE
OPTION_REG.T0CS=T0CS
PCON.SSPM0=nBOR
PCON.SSPM1=nPOR
PCON.SSPM2=nRI
PCON.SSPM3=nRMCLR
PCON.SSPOV=STKUNF
PCON.WCOL=STKOVF
WDTCON.SWDTEN=SWDTEN
WDTCON.WDTPS0=WDTPS
WDTCON.WDTPS1=WDTPS1
WDTCON.WDTPS2=WDTPS2
WDTCON.WDTPS3=WDTPS3
WDTCON.WDTPS4=WDTPS4
OSCTUNE.TUN0=TUN
OSCTUNE.TUN1=TUN1
OSCTUNE.TUN2=TUN2
OSCTUNE.TUN3=TUN3
OSCTUNE.TUN4=TUN4
OSCTUNE.TUN5=TUN5
OSCCON.SCS0=SCS
OSCCON.IRCF0=IRCF
OSCCON.SPLLEN=SPLLEN
OSCCON.SCS1=SCS1
OSCCON.IRCF1=IRCF1
OSCCON.IRCF2=IRCF2
OSCCON.IRCF3=IRCF3
OSCSTAT.HFIOFS=HFIOFS
OSCSTAT.LFIOFR=LFIOFR
OSCSTAT.MFIOFR=MFIOFR
OSCSTAT.HFIOFL=HFIOFL
OSCSTAT.HFIOFR=HFIOFR
OSCSTAT.OSTS=OSTS
OSCSTAT.PLLR=PLLR
OSCSTAT.T1OSCR=T1OSCR
ADCON0.ADON=ADON
ADCON0.NOT_DONE=GO_nDONE
ADCON0.CHS0=CHS
ADCON0.ADGO=ADGO
ADCON0.CHS1=CHS1
ADCON0.CHS2=CHS2
ADCON0.CHS3=CHS3
ADCON0.CHS4=CHS4
ADCON0.GO=GO
ADCON1.ADPREF0=ADPREF
ADCON1.ADNREF=ADNREF
ADCON1.ADCS0=ADCS
ADCON1.ADFM=ADFM
ADCON1.ADPREF1=ADPREF1
ADCON1.ADCS1=ADCS1
ADCON1.ADCS2=ADCS2
LATA.LATA0=LATA0
LATA.LATA1=LATA1
LATA.LATA2=LATA2
LATA.LATA3=LATA3
LATA.LATA4=LATA4
LATA.LATA5=LATA5
LATA.LATA6=LATA6
LATA.LATA7=LATA7
LATB.LATB0=LATB0
LATB.LATB1=LATB1
LATB.LATB2=LATB2
LATB.LATB3=LATB3
LATB.LATB4=LATB4
LATB.LATB5=LATB5
LATB.LATB6=LATB6
LATB.LATB7=LATB7
LATC.LATC0=LATC0
LATC.LATC1=LATC1
LATC.LATC2=LATC2
LATC.LATC3=LATC3
LATC.LATC4=LATC4
LATC.LATC5=LATC5
LATC.LATC6=LATC6
LATC.LATC7=LATC7
LATD.LATD0=LATD0
LATD.LATD1=LATD1
LATD.LATD2=LATD2
LATD.LATD3=LATD3
LATD.LATD4=LATD4
LATD.LATD5=LATD5
LATD.LATD6=LATD6
LATD.LATD7=LATD7
LATE.LATE0=LATE0
LATE.LATE1=LATE1
LATE.LATE2=LATE2
LATE.LATE3=LATE3
CM1CON0.C1SYNC=C1SYNC
CM1CON0.C1HYS=C1HYS
CM1CON0.C1SP=C1SP
CM1CON0.C1POL=C1POL
CM1CON0.C1OE=C1OE
CM1CON0.C1OUT=C1OUT
CM1CON0.C1ON=C1ON
CM1CON1.C1NCH0=C1NCH
CM1CON1.C1PCH0=C1PCH
CM1CON1.C1INTN=C1INTN
CM1CON1.C1INTP=C1INTP
CM1CON1.C1NCH1=C1NCH1
CM1CON1.C1PCH1=C1PCH1
CM2CON0.C2SYNC=C2SYNC
CM2CON0.C2HYS=C2HYS
CM2CON0.C2SP=C2SP
CM2CON0.C2POL=C2POL
CM2CON0.C2OE=C2OE
CM2CON0.C2OUT=C2OUT
CM2CON0.C2ON=C2ON
CM2CON1.C2NCH0=C2NCH
CM2CON1.C2PCH0=C2PCH
CM2CON1.C2INTN=C2INTN
CM2CON1.C2INTP=C2INTP
CM2CON1.C2NCH1=C2NCH1
CM2CON1.C2PCH1=C2PCH1
CMOUT.MC1OUT=MC1OUT
CMOUT.MC2OUT=MC2OUT
BORCON.BORRDY=BORRDY
BORCON.SBOREN=SBOREN
FVRCON.ADFVR0=ADFVR
FVRCON.CDAFVR0=CDAFVR
FVRCON.TSRNG=TSRNG
FVRCON.TSEN=TSEN
FVRCON.FVRRDY=FVRRDY
FVRCON.FVREN=FVREN
FVRCON.ADFVR1=ADFVR1
FVRCON.CDAFVR1=CDAFVR1
DACCON0.DACNSS=DACNSS
DACCON0.DACPSS0=DACPSS
DACCON0.DACOE=DACOE
DACCON0.DACLPS=DACLPS
DACCON0.DACEN=DACEN
DACCON0.DACPSS1=DACPSS1
DACCON1.DACR0=DACR
DACCON1.DACR1=DACR1
DACCON1.DACR2=DACR2
DACCON1.DACR3=DACR3
DACCON1.DACR4=DACR4
SRCON0.SRPR=SRPR
SRCON0.SRPS=SRPS
SRCON0.SRNQEN=SRNQEN
SRCON0.SRQEN=SRQEN
SRCON0.SRCLK0=SRCLK
SRCON0.SRLEN=SRLEN
SRCON0.SRCLK1=SRCLK1
SRCON0.SRCLK2=SRCLK2
SRCON1.SRRC1E=SRRC1E
SRCON1.SRRC2E=SRRC2E
SRCON1.SRRCKE=SRRCKE
SRCON1.SRRPE=SRRPE
SRCON1.SRSC1E=SRSC1E
SRCON1.SRSC2E=SRSC2E
SRCON1.SRSCKE=SRSCKE
SRCON1.SRSPE=SRSPE
APFCON.CCP2SEL=CCP2SEL
APFCON.SSSEL=SSSEL
APFCON.C2OUTSEL=C2OUTSEL
APFCON.SRNQSEL=SRNQSEL
APFCON.P2BSEL=P2BSEL
APFCON.T1GSEL=T1GSEL
APFCON.CCP3SEL=CCP3SEL
ANSELA.ANSA0=ANSA0
ANSELA.ANSA1=ANSA1
ANSELA.ANSA2=ANSA2
ANSELA.ANSA3=ANSA3
ANSELA.ANSA4=ANSA4
ANSELA.ANSA5=ANSA5
ANSELB.ANSB0=ANSB0
ANSELB.ANSB1=ANSB1
ANSELB.ANSB2=ANSB2
ANSELB.ANSB3=ANSB3
ANSELB.ANSB4=ANSB4
ANSELB.ANSB5=ANSB5
ANSELD.ANSD0=ANSD0
ANSELD.ANSD1=ANSD1
ANSELD.ANSD2=ANSD2
ANSELD.ANSD3=ANSD3
ANSELD.ANSD4=ANSD4
ANSELD.ANSD5=ANSD5
ANSELD.ANSD6=ANSD6
ANSELD.ANSD7=ANSD7
ANSELE.ANSE0=ANSE0
ANSELE.ANSE1=ANSE1
ANSELE.ANSE2=ANSE2
EECON1.RD=RD
EECON1.WR=WR
EECON1.WREN=WREN
EECON1.WRERR=WRERR
EECON1.FREE=FREE
EECON1.LWLO=LWLO
EECON1.CFGS=CFGS
EECON1.EEPGD=EEPGD
RCSTA.RX9D=RX9D
RCSTA.OERR=OERR
RCSTA.FERR=FERR
RCSTA.ADDEN=ADDEN
RCSTA.CREN=CREN
RCSTA.SREN=SREN
RCSTA.RX9=RX9
RCSTA.SPEN=SPEN
TXSTA.TX9D=TX9D
TXSTA.TRMT=TRMT
TXSTA.BRGH=BRGH
TXSTA.SENDB=SENDB
TXSTA.SYNC=SYNC
TXSTA.TXEN=TXEN
TXSTA.TX9=TX9
TXSTA.CSRC=CSRC
BAUDCON.ABDEN=ABDEN
BAUDCON.WUE=WUE
BAUDCON.BRG16=BRG16
BAUDCON.SCKP=SCKP
BAUDCON.RCIDL=RCIDL
BAUDCON.ABDOVF=ABDOVF
WPUB.WPUB0=WPUB0
WPUB.WPUB1=WPUB1
WPUB.WPUB2=WPUB2
WPUB.WPUB3=WPUB3
WPUB.WPUB4=WPUB4
WPUB.WPUB5=WPUB5
WPUB.WPUB6=WPUB6
WPUB.WPUB7=WPUB7
WPUE.WPUE3=WPUE3
SSPSTAT.BF=BF
SSPSTAT.UA=UA
SSPSTAT.R_NOT_W=R_nW
SSPSTAT.S=S
SSPSTAT.P=P
SSPSTAT.D_NOT_A=D_nA
SSPSTAT.CKE=CKE
SSPSTAT.SMP=SMP
SSPCON.SSPM0=SSPM
SSPCON.CKP=CKP
SSPCON.SSPEN=SSPEN
SSPCON.SSPOV=SSPOV
SSPCON.WCOL=WCOL
SSPCON.SSPM1=SSPM1
SSPCON.SSPM2=SSPM2
SSPCON.SSPM3=SSPM3
SSPCON2.SEN=SEN
SSPCON2.RSEN=RSEN
SSPCON2.PEN=PEN
SSPCON2.RCEN=RCEN
SSPCON2.ACKEN=ACKEN
SSPCON2.ACKDT=ACKDT
SSPCON2.ACKSTAT=ACKSTAT
SSPCON2.GCEN=GCEN
SSPCON3.DHEN=DHEN
SSPCON3.AHEN=AHEN
SSPCON3.SBCDE=SBCDE
SSPCON3.SDAHT=SDAHT
SSPCON3.BOEN=BOEN
SSPCON3.SCIE=SCIE
SSPCON3.PCIE=PCIE
SSPCON3.ACKTIM=ACKTIM
CCP1CON.CCP1M0=CCP1M
CCP1CON.DC1B0=DC1B
CCP1CON.P1M0=P1M
CCP1CON.CCP1M1=CCP1M1
CCP1CON.CCP1M2=CCP1M2
CCP1CON.CCP1M3=CCP1M3
CCP1CON.DC1B1=DC1B1
CCP1CON.P1M1=P1M1
PWM1CON.P1DC0=P1DC
PWM1CON.P1RSEN=P1RSEN
PWM1CON.P1DC1=P1DC1
PWM1CON.P1DC2=P1DC2
PWM1CON.P1DC3=P1DC3
PWM1CON.P1DC4=P1DC4
PWM1CON.P1DC5=P1DC5
PWM1CON.P1DC6=P1DC6
CCP1AS.PSS1BD0=PSS1BD
CCP1AS.PSS1AC0=PSS1AC
CCP1AS.CCP1AS0=CCP1AS
CCP1AS.CCP1ASE=CCP1ASE
CCP1AS.PSS1BD1=PSS1BD1
CCP1AS.PSS1AC1=PSS1AC1
CCP1AS.CCP1AS1=CCP1AS1
CCP1AS.CCP1AS2=CCP1AS2
PSTR1CON.STR1A=STR1A
PSTR1CON.STR1B=STR1B
PSTR1CON.STR1C=STR1C
PSTR1CON.STR1D=STR1D
PSTR1CON.STR1SYNC=STR1SYNC
CCP2CON.CCP2M0=CCP2M
CCP2CON.DC2B0=DC2B
CCP2CON.P2M0=P2M
CCP2CON.CCP2M1=CCP2M1
CCP2CON.CCP2M2=CCP2M2
CCP2CON.CCP2M3=CCP2M3
CCP2CON.DC2B1=DC2B1
CCP2CON.P2M1=P2M1
PWM2CON.P2DC0=P2DC
PWM2CON.P2RSEN=P2RSEN
PWM2CON.P2DC1=P2DC1
PWM2CON.P2DC2=P2DC2
PWM2CON.P2DC3=P2DC3
PWM2CON.P2DC4=P2DC4
PWM2CON.P2DC5=P2DC5
PWM2CON.P2DC6=P2DC6
CCP2AS.PSS2BD0=PSS2BD
CCP2AS.PSS2AC0=PSS2AC
CCP2AS.CCP2AS0=CCP2AS
CCP2AS.CCP2ASE=CCP2ASE
CCP2AS.PSS2BD1=PSS2BD1
CCP2AS.PSS2AC1=PSS2AC1
CCP2AS.CCP2AS1=CCP2AS1
CCP2AS.CCP2AS2=CCP2AS2
PSTR2CON.STR2A=STR2A
PSTR2CON.STR2B=STR2B
PSTR2CON.STR2C=STR2C
PSTR2CON.STR2D=STR2D
PSTR2CON.STR2SYNC=STR2SYNC
CCPTMRS0.C1TSEL0=C1TSEL0
CCPTMRS0.C1TSEL1=C1TSEL1
CCPTMRS0.C2TSEL0=C2TSEL0
CCPTMRS0.C2TSEL1=C2TSEL1
CCPTMRS0.C3TSEL0=C3TSEL0
CCPTMRS0.C3TSEL1=C3TSEL1
CCPTMRS0.C4TSEL0=C4TSEL0
CCPTMRS0.C4TSEL1=C4TSEL1
CCPTMRS1.C5TSEL0=C5TSEL0
CCPTMRS1.C5TSEL1=C5TSEL1
CCP3CON.CCP3M0=CCP3M
CCP3CON.DC3B0=DC3B
CCP3CON.P3M0=P3M
CCP3CON.CCP3M1=CCP3M1
CCP3CON.CCP3M2=CCP3M2
CCP3CON.CCP3M3=CCP3M3
CCP3CON.DC3B1=DC3B1
CCP3CON.P3M1=P3M1
PWM3CON.P3DC0=P3DC
PWM3CON.P3RSEN=P3RSEN
PWM3CON.P3DC1=P3DC1
PWM3CON.P3DC2=P3DC2
PWM3CON.P3DC3=P3DC3
PWM3CON.P3DC4=P3DC4
PWM3CON.P3DC5=P3DC5
PWM3CON.P3DC6=P3DC6
CCP3AS.PSS3BD0=PSS3BD
CCP3AS.PSS3AC0=PSS3AC
CCP3AS.CCP3AS0=CCP3AS
CCP3AS.CCP3ASE=CCP3ASE
CCP3AS.PSS3BD1=PSS3BD1
CCP3AS.PSS3AC1=PSS3AC1
CCP3AS.CCP3AS1=CCP3AS1
CCP3AS.CCP3AS2=CCP3AS2
PSTR3CON.STR3A=STR3A
PSTR3CON.STR3B=STR3B
PSTR3CON.STR3C=STR3C
PSTR3CON.STR3D=STR3D
PSTR3CON.STR3SYNC=STR3SYNC
CCP4CON.CCP4M0=CCP4M
CCP4CON.DC4B0=DC4B
CCP4CON.CCP4M1=CCP4M1
CCP4CON.CCP4M2=CCP4M2
CCP4CON.CCP4M3=CCP4M3
CCP4CON.DC4B1=DC4B1
CCP5CON.CCP5M0=CCP5M
CCP5CON.DC5B0=DC5B
CCP5CON.CCP5M1=CCP5M1
CCP5CON.CCP5M2=CCP5M2
CCP5CON.CCP5M3=CCP5M3
CCP5CON.DC5B1=DC5B1
IOCBP.IOCBP0=IOCBP0
IOCBP.IOCBP1=IOCBP1
IOCBP.IOCBP2=IOCBP2
IOCBP.IOCBP3=IOCBP3
IOCBP.IOCBP4=IOCBP4
IOCBP.IOCBP5=IOCBP5
IOCBP.IOCBP6=IOCBP6
IOCBP.IOCBP7=IOCBP7
IOCBN.IOCBN0=IOCBN0
IOCBN.IOCBN1=IOCBN1
IOCBN.IOCBN2=IOCBN2
IOCBN.IOCBN3=IOCBN3
IOCBN.IOCBN4=IOCBN4
IOCBN.IOCBN5=IOCBN5
IOCBN.IOCBN6=IOCBN6
IOCBN.IOCBN7=IOCBN7
IOCBF.IOCBF0=IOCBF0
IOCBF.IOCBF1=IOCBF1
IOCBF.IOCBF2=IOCBF2
IOCBF.IOCBF3=IOCBF3
IOCBF.IOCBF4=IOCBF4
IOCBF.IOCBF5=IOCBF5
IOCBF.IOCBF6=IOCBF6
IOCBF.IOCBF7=IOCBF7
T4CON.T4CKPS0=T4CKPS
T4CON.TMR4ON=TMR4ON
T4CON.T4OUTPS0=T4OUTPS
T4CON.T4CKPS1=T4CKPS1
T4CON.T4OUTPS1=T4OUTPS1
T4CON.T4OUTPS2=T4OUTPS2
T4CON.T4OUTPS3=T4OUTPS3
T6CON.T6CKPS0=T6CKPS
T6CON.TMR6ON=TMR6ON
T6CON.T6OUTPS0=T6OUTPS
T6CON.T6CKPS1=T6CKPS1
T6CON.T6OUTPS1=T6OUTPS1
T6CON.T6OUTPS2=T6OUTPS2
T6CON.T6OUTPS3=T6OUTPS3
LCDCON.LMUX0=LMUX0
LCDCON.CS0=CS0
LCDCON.WERR=WERR
LCDCON.SLPEN=SLPEN
LCDCON.LCDEN=LCDEN
LCDCON.LMUX1=LMUX1
LCDCON.CS1=CS1
LCDPS.LP0=LP0
LCDPS.WA=WA
LCDPS.LCDA=LCDA
LCDPS.BIASMD=BIASMD
LCDPS.WFT=WFT
LCDPS.LP1=LP1
LCDPS.LP2=LP2
LCDPS.LP3=LP3
LCDREF.VLCD1PE=VLCD1PE
LCDREF.VLCD2PE=VLCD2PE
LCDREF.VLCD3PE=VLCD3PE
LCDREF.LCDIRI=LCDIRI
LCDREF.LCDIRS=LCDIRS
LCDREF.LCDIRE=LCDIRE
LCDCST.LCDCST0=LCDCST
LCDCST.LCDCST1=LCDCST1
LCDCST.LCDCST2=LCDCST2
LCDRL.LRLAT0=LRLAT
LCDRL.LRLBP0=LRLBP0
LCDRL.LRLAP0=LRLAP0
LCDRL.LRLAT1=LRLAT1
LCDRL.LRLAT2=LRLAT2
LCDRL.LRLBP1=LRLBP1
LCDRL.LRLAP1=LRLAP1
LCDSE0.SE0=SE0
LCDSE0.SE1=SE1
LCDSE0.SE2=SE2
LCDSE0.SE3=SE3
LCDSE0.SE4=SE4
LCDSE0.SE5=SE5
LCDSE0.SE6=SE6
LCDSE0.SE7=SE7
LCDSE1.SE8=SE8
LCDSE1.SE9=SE9
LCDSE1.SE10=SE10
LCDSE1.SE11=SE11
LCDSE1.SE12=SE12
LCDSE1.SE13=SE13
LCDSE1.SE14=SE14
LCDSE1.SE15=SE15
LCDSE2.SE16=SE16
LCDSE2.SE17=SE17
LCDSE2.SE18=SE18
LCDSE2.SE19=SE19
LCDSE2.SE20=SE20
LCDSE2.SE21=SE21
LCDSE2.SE22=SE22
LCDSE2.SE23=SE23
LCDDATA0.SEG0COM0=SEG0COM0
LCDDATA0.SEG1COM0=SEG1COM0
LCDDATA0.SEG2COM0=SEG2COM0
LCDDATA0.SEG3COM0=SEG3COM0
LCDDATA0.SEG4COM0=SEG4COM0
LCDDATA0.SEG5COM0=SEG5COM0
LCDDATA0.SEG6COM0=SEG6COM0
LCDDATA0.SEG7COM0=SEG7COM0
LCDDATA1.SEG8COM0=SEG8COM0
LCDDATA1.SEG9COM0=SEG9COM0
LCDDATA1.SEG10COM0=SEG10COM0
LCDDATA1.SEG11COM0=SEG11COM0
LCDDATA1.SEG12COM0=SEG12COM0
LCDDATA1.SEG13COM0=SEG13COM0
LCDDATA1.SEG14COM0=SEG14COM0
LCDDATA1.SEG15COM0=SEG15COM0
LCDDATA2.SEG16COM0=SEG16COM0
LCDDATA2.SEG17COM0=SEG17COM0
LCDDATA2.SEG18COM0=SEG18COM0
LCDDATA2.SEG19COM0=SEG19COM0
LCDDATA2.SEG20COM0=SEG20COM0
LCDDATA2.SEG21COM0=SEG21COM0
LCDDATA2.SEG22COM0=SEG22COM0
LCDDATA2.SEG23COM0=SEG23COM0
LCDDATA3.SEG0COM1=SEG0COM1
LCDDATA3.SEG1COM1=SEG1COM1
LCDDATA3.SEG2COM1=SEG2COM1
LCDDATA3.SEG3COM1=SEG3COM1
LCDDATA3.SEG4COM1=SEG4COM1
LCDDATA3.SEG5COM1=SEG5COM1
LCDDATA3.SEG6COM1=SEG6COM1
LCDDATA3.SEG7COM1=SEG7COM1
LCDDATA4.SEG8COM1=SEG8COM1
LCDDATA4.SEG9COM1=SEG9COM1
LCDDATA4.SEG10COM1=SEG10COM1
LCDDATA4.SEG11COM1=SEG11COM1
LCDDATA4.SEG12COM1=SEG12COM1
LCDDATA4.SEG13COM1=SEG13COM1
LCDDATA4.SEG14COM1=SEG14COM1
LCDDATA4.SEG15COM1=SEG15COM1
LCDDATA5.SEG16COM1=SEG16COM1
LCDDATA5.SEG17COM1=SEG17COM1
LCDDATA5.SEG18COM1=SEG18COM1
LCDDATA5.SEG19COM1=SEG19COM1
LCDDATA5.SEG20COM1=SEG20COM1
LCDDATA5.SEG21COM1=SEG21COM1
LCDDATA5.SEG22COM1=SEG22COM1
LCDDATA5.SEG23COM1=SEG23COM1
LCDDATA6.SEG0COM2=SEG0COM2
LCDDATA6.SEG1COM2=SEG1COM2
LCDDATA6.SEG2COM2=SEG2COM2
LCDDATA6.SEG3COM2=SEG3COM2
LCDDATA6.SEG4COM2=SEG4COM2
LCDDATA6.SEG5COM2=SEG5COM2
LCDDATA6.SEG6COM2=SEG6COM2
LCDDATA6.SEG7COM2=SEG7COM2
LCDDATA7.SEG8COM2=SEG8COM2
LCDDATA7.SEG9COM2=SEG9COM2
LCDDATA7.SEG10COM2=SEG10COM2
LCDDATA7.SEG11COM2=SEG11COM2
LCDDATA7.SEG12COM2=SEG12COM2
LCDDATA7.SEG13COM2=SEG13COM2
LCDDATA7.SEG14COM2=SEG14COM2
LCDDATA7.SEG15COM2=SEG15COM2
LCDDATA8.SEG16COM2=SEG16COM2
LCDDATA8.SEG17COM2=SEG17COM2
LCDDATA8.SEG18COM2=SEG18COM2
LCDDATA8.SEG19COM2=SEG19COM2
LCDDATA8.SEG20COM2=SEG20COM2
LCDDATA8.SEG21COM2=SEG21COM2
LCDDATA8.SEG22COM2=SEG22COM2
LCDDATA8.SEG23COM2=SEG23COM2
LCDDATA9.SEG0COM3=SEG0COM3
LCDDATA9.SEG1COM3=SEG1COM3
LCDDATA9.SEG2COM3=SEG2COM3
LCDDATA9.SEG3COM3=SEG3COM3
LCDDATA9.SEG4COM3=SEG4COM3
LCDDATA9.SEG5COM3=SEG5COM3
LCDDATA9.SEG6COM3=SEG6COM3
LCDDATA9.SEG7COM3=SEG7COM3
LCDDATA10.SEG8COM3=SEG8COM3
LCDDATA10.SEG9COM3=SEG9COM3
LCDDATA10.SEG10COM3=SEG10COM3
LCDDATA10.SEG11COM3=SEG11COM3
LCDDATA10.SEG12COM3=SEG12COM3
LCDDATA10.SEG13COM3=SEG13COM3
LCDDATA10.SEG14COM3=SEG14COM3
LCDDATA10.SEG15COM3=SEG15COM3
LCDDATA11.SEG16COM3=SEG16COM3
LCDDATA11.SEG17COM3=SEG17COM3
LCDDATA11.SEG18COM3=SEG18COM3
LCDDATA11.SEG19COM3=SEG19COM3
LCDDATA11.SEG20COM3=SEG20COM3
LCDDATA11.SEG21COM3=SEG21COM3
LCDDATA11.SEG22COM3=SEG22COM3
LCDDATA11.SEG23COM3=SEG23COM3
STATUS_SHAD.C_SHAD=C_SHAD
STATUS_SHAD.DC_SHAD=DC_SHAD
STATUS_SHAD.Z_SHAD=Z_SHAD
TRISC.RC0=TRISC0
TRISC.RC1=TRISC1
TRISC.RC2=TRISC2
TRISC.RC3=TRISC3
TRISC.RC4=TRISC4
TRISC.RC5=TRISC5
TRISC.RC6=TRISC6
TRISC.RC7=TRISC7
LATC.RC0=LATC0
LATC.RC1=LATC1
LATC.RC2=LATC2
LATC.RC3=LATC3
LATC.RC4=LATC4
LATC.RC5=LATC5
LATC.RC6=LATC6
LATC.RC7=LATC7